[demo.themesberg.com/leo/index.html]
[backblue.gif]
[fade.gif]
[index.html]
[demo.themesberg.com/leo/assets/img/favicon/apple-touch-icon.png]
[demo.themesberg.com/leo/assets/img/favicon/favicon-32x32.png]
[demo.themesberg.com/leo/assets/img/favicon/favicon-16x16.png]
[demo.themesberg.com/leo/assets/img/favicon/site.webmanifest]
[demo.themesberg.com/leo/node_modules/@fortawesome/fontawesome-free/css/all.min.css]
[demo.themesberg.com/leo/node_modules/prismjs/themes/prism.css]
[demo.themesberg.com/leo/node_modules/lightbox2/dist/css/lightbox.css]
[demo.themesberg.com/leo/css/leo.css]
[demo.themesberg.com/leo/html/about.html]
[demo.themesberg.com/leo/html/projects.html]
[demo.themesberg.com/leo/html/blog.html]
[demo.themesberg.com/leo/html/contact.html]
[demo.themesberg.com/leo/html/services.html]
[demo.themesberg.com/leo/html/case-study.html]
[demo.themesberg.com/leo/html/team.html]
[demo.themesberg.com/leo/html/blog-single.html]
[demo.themesberg.com/leo/html/careers.html]
[demo.themesberg.com/leo/html/career-single.html]
[demo.themesberg.com/leo/html/404.html]
[demo.themesberg.com/leo/html/500.html]
[demo.themesberg.com/leo/html/legal.html]
[demo.themesberg.com/leo/html/blank.html]
[demo.themesberg.com/leo/docs/introduction.html]
[demo.themesberg.com/leo/assets/img/themesberg-website.png]
[demo.themesberg.com/leo/assets/img/agency-portofolio-app.png]
[demo.themesberg.com/leo/assets/img/desktop-app-chat.png]
[demo.themesberg.com/leo/assets/img/team/profile-picture-1.jpg]
[demo.themesberg.com/leo/assets/img/team/profile-picture-2.jpg]
[demo.themesberg.com/leo/assets/img/team/profile-picture-3.jpg]
[demo.themesberg.com/leo/docs/changelog.html]
[demo.themesberg.com/leo/node_modules/jquery/dist/jquery.min.js]
[demo.themesberg.com/leo/node_modules/popper.js/dist/umd/popper.min.js]
[demo.themesberg.com/leo/node_modules/bootstrap/dist/js/bootstrap.min.js]
[demo.themesberg.com/leo/node_modules/headroom.js/dist/headroom.min.js]
[demo.themesberg.com/leo/node_modules/onscreen/dist/on-screen.umd.min.js]
[demo.themesberg.com/leo/node_modules/nouislider/distribute/nouislider.min.js]
[demo.themesberg.com/leo/node_modules/bootstrap-datepicker/js/bootstrap-datepicker.js]
[demo.themesberg.com/leo/node_modules/bootstrap-tagsinput/dist/bootstrap-tagsinput.min.js]
[demo.themesberg.com/leo/node_modules/waypoints/lib/jquery.waypoints.min.js]
[demo.themesberg.com/leo/node_modules/owl.carousel/dist/owl.carousel.min.js]
[demo.themesberg.com/leo/node_modules/jarallax/dist/jarallax.min.js]
[demo.themesberg.com/leo/node_modules/countup.js/dist/countUp.min.js]
[demo.themesberg.com/leo/node_modules/jquery-countdown/dist/jquery.countdown.min.js]
[demo.themesberg.com/leo/node_modules/smooth-scroll/dist/smooth-scroll.polyfills.min.js]
[demo.themesberg.com/leo/node_modules/lightbox2/dist/js/lightbox.js]
[demo.themesberg.com/leo/node_modules/prismjs/prism.js]
[demo.themesberg.com/leo/index.html]
[demo.themesberg.com/leo/assets/img/favicon/safari-pinned-tab.svg]
[demo.themesberg.com/leo/assets/js/leo.js]
[demo.themesberg.com/leo/node_modules/@fortawesome/fontawesome-free/webfonts/fa-brands-400.eot]
[demo.themesberg.com/leo/node_modules/@fortawesome/fontawesome-free/webfonts/fa-brands-400d41d.eot]
[demo.themesberg.com/leo/node_modules/@fortawesome/fontawesome-free/webfonts/fa-brands-400.woff2]
[demo.themesberg.com/leo/node_modules/@fortawesome/fontawesome-free/webfonts/fa-brands-400.woff]
[demo.themesberg.com/leo/node_modules/@fortawesome/fontawesome-free/webfonts/fa-brands-400.ttf]
[demo.themesberg.com/leo/node_modules/@fortawesome/fontawesome-free/webfonts/fa-regular-400.eot]
[demo.themesberg.com/leo/node_modules/@fortawesome/fontawesome-free/webfonts/fa-regular-400d41d.eot]
[demo.themesberg.com/leo/node_modules/@fortawesome/fontawesome-free/webfonts/fa-regular-400.woff2]
[demo.themesberg.com/leo/node_modules/@fortawesome/fontawesome-free/webfonts/fa-regular-400.woff]
[demo.themesberg.com/leo/node_modules/@fortawesome/fontawesome-free/webfonts/fa-regular-400.ttf]
[demo.themesberg.com/leo/node_modules/@fortawesome/fontawesome-free/webfonts/fa-solid-900.eot]
[demo.themesberg.com/leo/node_modules/@fortawesome/fontawesome-free/webfonts/fa-solid-900d41d.eot]
[demo.themesberg.com/leo/node_modules/@fortawesome/fontawesome-free/webfonts/fa-solid-900.woff2]
[demo.themesberg.com/leo/node_modules/@fortawesome/fontawesome-free/webfonts/fa-solid-900.woff]
[demo.themesberg.com/leo/node_modules/@fortawesome/fontawesome-free/webfonts/fa-solid-900.ttf]
[demo.themesberg.com/leo/node_modules/@fortawesome/fontawesome-free/css/all.min.css]
[demo.themesberg.com/leo/node_modules/prismjs/themes/prism.css]
[demo.themesberg.com/leo/node_modules/lightbox2/dist/images/loading.gif]
[demo.themesberg.com/leo/node_modules/lightbox2/dist/images/prev.png]
[demo.themesberg.com/leo/node_modules/lightbox2/dist/images/next.png]
[demo.themesberg.com/leo/node_modules/lightbox2/dist/images/close.png]
[demo.themesberg.com/leo/node_modules/lightbox2/dist/css/lightbox.css]
[demo.themesberg.com/leo/css/leo.css]
[demo.themesberg.com/leo/assets/img/brand/light.svg]
[demo.themesberg.com/leo/assets/img/brand/dark.svg]
[demo.themesberg.com/leo/assets/img/team/profile-picture-freelancer.jpg]
[demo.themesberg.com/leo/assets/img/team/profile-picture-4.jpg]
[demo.themesberg.com/leo/assets/img/team/profile-picture-5.jpg]
[demo.themesberg.com/leo/html/about.html]
[demo.themesberg.com/leo/assets/img/themesberg-website.jpg]
[demo.themesberg.com/leo/assets/img/agency-portofolio-app-2.png]
[demo.themesberg.com/leo/html/projects.html]
[demo.themesberg.com/leo/html/blog.html]
[demo.themesberg.com/leo/html/contact.html]
[demo.themesberg.com/leo/html/services.html]
[demo.themesberg.com/leo/assets/img/photo-23.jpg]
[demo.themesberg.com/leo/assets/img/photo-25.jpg]
[demo.themesberg.com/leo/assets/img/photo-22.jpg]
[demo.themesberg.com/leo/assets/img/photo-24.jpg]
[demo.themesberg.com/leo/html/case-study.html]
[demo.themesberg.com/leo/html/team.html]
[demo.themesberg.com/leo/assets/img/team/9.jpg]
[demo.themesberg.com/leo/assets/img/team/7.jpg]
[demo.themesberg.com/leo/html/blog-single.html]
[demo.themesberg.com/leo/html/careers.html]
[demo.themesberg.com/leo/html/career-single.html]
[demo.themesberg.com/leo/html/404.html]
[demo.themesberg.com/leo/html/500.html]
[demo.themesberg.com/leo/html/legal.html]
[demo.themesberg.com/leo/html/blank.html]
[demo.themesberg.com/leo/docs/file-structure.html]
[demo.themesberg.com/leo/docs/gulp.html]
[demo.themesberg.com/leo/docs/utilities.html]
[demo.themesberg.com/leo/docs/javascript.html]
[demo.themesberg.com/leo/docs/how-to/color-scheme.html]
[demo.themesberg.com/leo/docs/how-to/fonts.html]
[demo.themesberg.com/leo/docs/components/accordions.html]
[demo.themesberg.com/leo/docs/components/alerts.html]
[demo.themesberg.com/leo/docs/components/badges.html]
[demo.themesberg.com/leo/docs/components/blog-cards.html]
[demo.themesberg.com/leo/docs/components/bootstrap-carousels.html]
[demo.themesberg.com/leo/docs/components/breadcrumbs.html]
[demo.themesberg.com/leo/docs/components/buttons.html]
[demo.themesberg.com/leo/docs/components/collapse.html]
[demo.themesberg.com/leo/docs/components/counters.html]
[demo.themesberg.com/leo/docs/components/forms.html]
[demo.themesberg.com/leo/docs/components/icon-boxes.html]
[demo.themesberg.com/leo/docs/components/modals.html]
[demo.themesberg.com/leo/docs/components/navbars.html]
[demo.themesberg.com/leo/docs/components/navs.html]
[demo.themesberg.com/leo/docs/components/pagination.html]
[demo.themesberg.com/leo/docs/components/popovers.html]
[demo.themesberg.com/leo/docs/components/pricing-cards.html]
[demo.themesberg.com/leo/docs/components/profile-cards.html]
[demo.themesberg.com/leo/docs/components/progress.html]
[demo.themesberg.com/leo/docs/components/tabs.html]
[demo.themesberg.com/leo/docs/components/tooltips.html]
[demo.themesberg.com/leo/docs/introduction.html]
[demo.themesberg.com/leo/assets/img/spinner.svg]
[demo.themesberg.com/leo/assets/img/illustrations/agency.svg]
[demo.themesberg.com/leo/assets/img/illustrations/reading.svg]
[demo.themesberg.com/leo/assets/img/illustrations/meditating.svg]
[demo.themesberg.com/leo/assets/img/illustrations/unboxing.svg]
[demo.themesberg.com/leo/assets/img/illustrations/services.svg]
[demo.themesberg.com/leo/assets/img/flags/romania.svg]
[demo.themesberg.com/leo/assets/img/flags/united-states.svg]
[demo.themesberg.com/leo/assets/img/flags/france.svg]
[demo.themesberg.com/leo/docs/changelog.html]
[demo.themesberg.com/leo/node_modules/jquery/dist/jquery.min.js]
[demo.themesberg.com/leo/node_modules/popper.js/dist/umd/popper.min.js]
[demo.themesberg.com/leo/docs/components/typography.html]
[demo.themesberg.com/leo/node_modules/bootstrap/dist/js/bootstrap.min.js]
[demo.themesberg.com/leo/node_modules/headroom.js/dist/headroom.min.js]
[demo.themesberg.com/leo/node_modules/onscreen/dist/on-screen.umd.min.js]
[demo.themesberg.com/leo/node_modules/nouislider/distribute/nouislider.min.js]
[demo.themesberg.com/leo/node_modules/bootstrap-datepicker/js/bootstrap-datepicker.js]
[demo.themesberg.com/leo/node_modules/bootstrap-tagsinput/dist/bootstrap-tagsinput.min.js]
[demo.themesberg.com/leo/node_modules/waypoints/lib/jquery.waypoints.min.js]
[demo.themesberg.com/leo/node_modules/owl.carousel/dist/owl.carousel.min.js]
[demo.themesberg.com/leo/node_modules/jarallax/dist/jarallax.min.js]
[demo.themesberg.com/leo/node_modules/countup.js/dist/countUp.min.js]
[demo.themesberg.com/leo/node_modules/jquery-countdown/dist/jquery.countdown.min.js]
[demo.themesberg.com/leo/node_modules/smooth-scroll/dist/smooth-scroll.polyfills.min.js]
[demo.themesberg.com/leo/node_modules/lightbox2/dist/js/lightbox.js]
[demo.themesberg.com/leo/node_modules/prismjs/prism.js]
[demo.themesberg.com/leo/assets/js/leo.js]
[demo.themesberg.com/leo/node_modules/@fortawesome/fontawesome-free/webfonts/fa-brands-400.svg]
[demo.themesberg.com/leo/node_modules/@fortawesome/fontawesome-free/webfonts/fa-regular-400.svg]
[demo.themesberg.com/leo/node_modules/@fortawesome/fontawesome-free/webfonts/fa-solid-900.svg]
[demo.themesberg.com/leo/css/owl.video.play.html]
[demo.themesberg.com/leo/assets/img/radial-bg-top.svg]
[demo.themesberg.com/leo/assets/img/radial-bg-bottom.svg]
[demo.themesberg.com/leo/assets/img/about-agency.svg]
[demo.themesberg.com/leo/assets/img/illustrations/contact.svg]
[demo.themesberg.com/leo/assets/img/illustrations/services-agency.svg]
[demo.themesberg.com/leo/assets/img/illustrations/team-creative.svg]
[demo.themesberg.com/leo/assets/img/illustrations/reading-side.svg]
[demo.themesberg.com/leo/assets/img/illustrations/404.svg]
[demo.themesberg.com/leo/assets/img/illustrations/500.svg]
[demo.themesberg.com/leo/docs/file-structure.html]
[demo.themesberg.com/leo/docs/gulp.html]
[demo.themesberg.com/leo/docs/utilities.html]
[demo.themesberg.com/leo/docs/javascript.html]
[demo.themesberg.com/leo/docs/how-to/color-scheme.html]
[demo.themesberg.com/leo/docs/how-to/fonts.html]
[demo.themesberg.com/leo/docs/components/accordions.html]
[demo.themesberg.com/leo/docs/components/alerts.html]
[demo.themesberg.com/leo/docs/components/badges.html]
[demo.themesberg.com/leo/assets/img/blog/image-3.jpg]
[demo.themesberg.com/leo/assets/img/team/8.jpg]
[demo.themesberg.com/leo/assets/img/blog/image-4.jpg]
[demo.themesberg.com/leo/assets/img/blog/image-1.jpg]
[demo.themesberg.com/leo/docs/components/blog-cards.html]
[demo.themesberg.com/leo/assets/img/carousel/image-1.jpg]
[demo.themesberg.com/leo/assets/img/carousel/image-2.jpg]
[demo.themesberg.com/leo/assets/img/carousel/image-3.jpg]
[demo.themesberg.com/leo/docs/components/bootstrap-carousels.html]
[demo.themesberg.com/leo/docs/components/breadcrumbs.html]
[demo.themesberg.com/leo/docs/components/buttons.html]
[demo.themesberg.com/leo/docs/components/collapse.html]
[demo.themesberg.com/leo/docs/components/counters.html]
[demo.themesberg.com/leo/docs/components/forms.html]
[demo.themesberg.com/leo/docs/components/icon-boxes.html]
[demo.themesberg.com/leo/docs/components/modals.html]
[demo.themesberg.com/leo/docs/components/navbars.html]
[demo.themesberg.com/leo/docs/components/navs.html]
[demo.themesberg.com/leo/docs/components/pagination.html]
[demo.themesberg.com/leo/docs/components/popovers.html]
[demo.themesberg.com/leo/docs/components/pricing-cards.html]
[demo.themesberg.com/leo/assets/img/team/team-2.jpg]
[demo.themesberg.com/leo/assets/img/team/10.jpg]
[demo.themesberg.com/leo/docs/components/profile-cards.html]
[demo.themesberg.com/leo/docs/components/progress.html]
[demo.themesberg.com/leo/docs/components/tabs.html]
[demo.themesberg.com/leo/docs/components/tooltips.html]
[demo.themesberg.com/leo/docs/components/typography.html]
[demo.themesberg.com/leo/popper.html]
[demo.themesberg.com/leo/Trident/index.html]
[demo.themesberg.com/leo/Edge/index.html]
[demo.themesberg.com/leo/html/pages/about-company.html]
[demo.themesberg.com/leo/html/components/accordions.html]
[demo.themesberg.com/leo/html/components/alerts.html]
[demo.themesberg.com/leo/html/components/badges.html]
[demo.themesberg.com/leo/html/components/blog-cards.html]
[demo.themesberg.com/leo/html/components/bootstrap-carousels.html]
[demo.themesberg.com/leo/html/components/breadcrumbs.html]
[demo.themesberg.com/leo/html/components/buttons.html]
[demo.themesberg.com/leo/html/components/counters.html]
[demo.themesberg.com/leo/html/components/dropdowns.html]
[demo.themesberg.com/leo/html/components/forms.html]
[demo.themesberg.com/leo/html/components/icon-boxes.html]
[demo.themesberg.com/leo/html/components/modals.html]
[demo.themesberg.com/leo/html/components/navs.html]
[demo.themesberg.com/leo/html/components/owl-carousels.html]
[demo.themesberg.com/leo/html/components/pagination.html]
[demo.themesberg.com/leo/html/components/popovers.html]
[demo.themesberg.com/leo/html/components/pricing-cards.html]
[demo.themesberg.com/leo/html/components/profile-cards.html]
[demo.themesberg.com/leo/html/components/progress-bars.html]
[demo.themesberg.com/leo/html/components/steps.html]
